// Jest Snapshot v1, https://goo.gl/fbAQLP

exports[`root/socket Should dispatch response body with valid arity 1`] = `
[
  [
    {
      "address": "test-socket-remote-address",
      "family": "test-socket-remote-family",
      "port": "test-socket-remote-port",
    },
  ],
]
`;

exports[`root/socket Should dispatch response status with valid arity 1`] = `
[
  [
    200,
  ],
]
`;
